scheduled_member_failed 2 synthetic queue write failure
✖ scheduled preparation keeps an insight available until existing member delivery acknowledgement (34.62223ms)
✖ repeated and overlapping scheduler calls enqueue each pending insight only once (10.072094ms)
✔ existing cooldown and disabled proactive permission remain effective (2.24403ms)
✖ an insight acknowledged after selection cannot be requeued from the stale scheduler read (2.362056ms)
✖ an enqueue failure is reported and does not consume the insight or another member’s turn (4.083739ms)
✖ permission withdrawn after selection prevents the pending queue write (2.83518ms)
ℹ tests 6
ℹ suites 0
ℹ pass 1
ℹ fail 5
ℹ cancelled 0
ℹ skipped 0
ℹ todo 0
ℹ duration_ms 195.808752

✖ failing tests:

test at tests/scheduled-intelligence-delivery.test.mjs:42:1
✖ scheduled preparation keeps an insight available until existing member delivery acknowledgement (34.62223ms)
  AssertionError [ERR_ASSERTION]: queueing is not member delivery
  
  2 !== 0
  
      at TestContext.<anonymous> (file:///workspace/scratch/67ffa9bc8b56/shift-core/tests/scheduled-intelligence-delivery.test.mjs:46:10)
      at async Test.run (node:internal/test_runner/test:1389:7)
      at async startSubtestAfterBootstrap (node:internal/test_runner/harness:387:3) {
    generatedMessage: false,
    code: 'ERR_ASSERTION',
    actual: 2,
    expected: 0,
    operator: 'strictEqual',
    diff: 'simple'
  }

test at tests/scheduled-intelligence-delivery.test.mjs:57:1
✖ repeated and overlapping scheduler calls enqueue each pending insight only once (10.072094ms)
  AssertionError [ERR_ASSERTION]: Expected values to be strictly equal:
  
  4 !== 2
  
      at TestContext.<anonymous> (file:///workspace/scratch/67ffa9bc8b56/shift-core/tests/scheduled-intelligence-delivery.test.mjs:60:10)
      at async Test.run (node:internal/test_runner/test:1389:7)
      at async Test.processPendingSubtests (node:internal/test_runner/test:960:7) {
    generatedMessage: true,
    code: 'ERR_ASSERTION',
    actual: 4,
    expected: 2,
    operator: 'strictEqual',
    diff: 'simple'
  }

test at tests/scheduled-intelligence-delivery.test.mjs:76:1
✖ an insight acknowledged after selection cannot be requeued from the stale scheduler read (2.362056ms)
  AssertionError [ERR_ASSERTION]: Expected values to be strictly equal:
  
  2 !== 1
  
      at TestContext.<anonymous> (file:///workspace/scratch/67ffa9bc8b56/shift-core/tests/scheduled-intelligence-delivery.test.mjs:85:41)
      at async Test.run (node:internal/test_runner/test:1389:7)
      at async Test.processPendingSubtests (node:internal/test_runner/test:960:7) {
    generatedMessage: true,
    code: 'ERR_ASSERTION',
    actual: 2,
    expected: 1,
    operator: 'strictEqual',
    diff: 'simple'
  }

test at tests/scheduled-intelligence-delivery.test.mjs:89:1
✖ an enqueue failure is reported and does not consume the insight or another member’s turn (4.083739ms)
  AssertionError [ERR_ASSERTION]: Expected values to be strictly equal:
  
  undefined !== 1
  
      at TestContext.<anonymous> (file:///workspace/scratch/67ffa9bc8b56/shift-core/tests/scheduled-intelligence-delivery.test.mjs:93:10)
      at async Test.run (node:internal/test_runner/test:1389:7)
      at async Test.processPendingSubtests (node:internal/test_runner/test:960:7) {
    generatedMessage: true,
    code: 'ERR_ASSERTION',
    actual: undefined,
    expected: 1,
    operator: 'strictEqual',
    diff: 'simple'
  }

test at tests/scheduled-intelligence-delivery.test.mjs:101:1
✖ permission withdrawn after selection prevents the pending queue write (2.83518ms)
  AssertionError [ERR_ASSERTION]: Expected values to be strictly equal:
  
  2 !== 1
  
      at TestContext.<anonymous> (file:///workspace/scratch/67ffa9bc8b56/shift-core/tests/scheduled-intelligence-delivery.test.mjs:110:41)
      at async Test.run (node:internal/test_runner/test:1389:7)
      at async Test.processPendingSubtests (node:internal/test_runner/test:960:7) {
    generatedMessage: true,
    code: 'ERR_ASSERTION',
    actual: 2,
    expected: 1,
    operator: 'strictEqual',
    diff: 'simple'
  }
