✖ morning: email failure does not block push; retry sends email only (19.805726ms)
✖ morning: push failure retries independently of successful email (4.156257ms)
✖ morning: pre-existing email receipts still allow an undelivered push (1.937465ms)
✖ morning: push-only delivery is deduplicated (3.054978ms)
✖ morning: analytics failure cannot block or repeat either delivery (2.755923ms)
✖ morning: concurrent scheduler runs claim each channel once (10.017474ms)
✖ morning: an accepted send with a failed receipt stays claimed (2.56564ms)
✖ morning: existing per-channel suppression prevents sending (2.207662ms)
✔ morning: disabled preferences and unverified members receive nothing (3.595082ms)
✖ evening: email failure does not block push; retry sends email only (2.860199ms)
✖ evening: push failure retries independently of successful email (2.668493ms)
✖ evening: pre-existing email receipts still allow an undelivered push (1.620623ms)
✖ evening: push-only delivery is deduplicated (2.069892ms)
✖ evening: analytics failure cannot block or repeat either delivery (2.655624ms)
✖ evening: concurrent scheduler runs claim each channel once (6.66962ms)
✖ evening: an accepted send with a failed receipt stays claimed (2.76108ms)
✖ evening: existing per-channel suppression prevents sending (1.8675ms)
✔ evening: disabled preferences and unverified members receive nothing (3.232041ms)
✖ weekly: email failure does not block push; retry sends email only (1.935642ms)
✖ weekly: push failure retries independently of successful email (1.876494ms)
✖ weekly: pre-existing email receipts still allow an undelivered push (1.496158ms)
✖ weekly: push-only delivery is deduplicated (2.321827ms)
✖ weekly: analytics failure cannot block or repeat either delivery (2.271332ms)
✖ weekly: concurrent scheduler runs claim each channel once (4.978792ms)
✖ weekly: an accepted send with a failed receipt stays claimed (2.566952ms)
✖ weekly: existing per-channel suppression prevents sending (1.635855ms)
✔ weekly: disabled preferences and unverified members receive nothing (4.853496ms)
✔ morning: completed activity suppresses both channels (1.720762ms)
✔ evening: completed activity suppresses both channels (1.754001ms)
✔ evening: recovery suppresses both channels (1.476559ms)
✔ expired push subscription is revoked without blocking email (2.441625ms)
✖ no active push subscription releases the claim for a later opted-in device (2.502495ms)
ℹ tests 32
ℹ suites 0
ℹ pass 7
ℹ fail 25
ℹ cancelled 0
ℹ skipped 0
ℹ todo 0
ℹ duration_ms 187.44608

✖ failing tests:

test at ../../../../tmp/fit-reminders-baseline/tests/fit-reminders-delivery.test.mjs:51:3
✖ morning: email failure does not block push; retry sends email only (19.805726ms)
  AssertionError [ERR_ASSERTION]: push must be independent of email failure
  
  0 !== 1
  
      at TestContext.<anonymous> (file:///tmp/fit-reminders-baseline/tests/fit-reminders-delivery.test.mjs:53:12)
      at async Test.run (node:internal/test_runner/test:1389:7)
      at async startSubtestAfterBootstrap (node:internal/test_runner/harness:387:3) {
    generatedMessage: false,
    code: 'ERR_ASSERTION',
    actual: 0,
    expected: 1,
    operator: 'strictEqual',
    diff: 'simple'
  }

test at ../../../../tmp/fit-reminders-baseline/tests/fit-reminders-delivery.test.mjs:57:3
✖ morning: push failure retries independently of successful email (4.156257ms)
  AssertionError [ERR_ASSERTION]: Expected values to be strictly equal:
  
  1 !== 2
  
      at TestContext.<anonymous> (file:///tmp/fit-reminders-baseline/tests/fit-reminders-delivery.test.mjs:59:44)
      at async Test.run (node:internal/test_runner/test:1389:7)
      at async Test.processPendingSubtests (node:internal/test_runner/test:960:7) {
    generatedMessage: true,
    code: 'ERR_ASSERTION',
    actual: 1,
    expected: 2,
    operator: 'strictEqual',
    diff: 'simple'
  }

test at ../../../../tmp/fit-reminders-baseline/tests/fit-reminders-delivery.test.mjs:61:3
✖ morning: pre-existing email receipts still allow an undelivered push (1.937465ms)
  AssertionError [ERR_ASSERTION]: Expected values to be strictly equal:
  
  0 !== 1
  
      at TestContext.<anonymous> (file:///tmp/fit-reminders-baseline/tests/fit-reminders-delivery.test.mjs:63:58)
      at async Test.run (node:internal/test_runner/test:1389:7)
      at async Test.processPendingSubtests (node:internal/test_runner/test:960:7) {
    generatedMessage: true,
    code: 'ERR_ASSERTION',
    actual: 0,
    expected: 1,
    operator: 'strictEqual',
    diff: 'simple'
  }

test at ../../../../tmp/fit-reminders-baseline/tests/fit-reminders-delivery.test.mjs:65:3
✖ morning: push-only delivery is deduplicated (3.054978ms)
  AssertionError [ERR_ASSERTION]: Expected values to be strictly equal:
  
  2 !== 1
  
      at TestContext.<anonymous> (file:///tmp/fit-reminders-baseline/tests/fit-reminders-delivery.test.mjs:67:12)
      at async Test.run (node:internal/test_runner/test:1389:7)
      at async Test.processPendingSubtests (node:internal/test_runner/test:960:7) {
    generatedMessage: true,
    code: 'ERR_ASSERTION',
    actual: 2,
    expected: 1,
    operator: 'strictEqual',
    diff: 'simple'
  }

test at ../../../../tmp/fit-reminders-baseline/tests/fit-reminders-delivery.test.mjs:69:3
✖ morning: analytics failure cannot block or repeat either delivery (2.755923ms)
  AssertionError [ERR_ASSERTION]: Expected values to be strictly equal:
  
  0 !== 1
  
      at TestContext.<anonymous> (file:///tmp/fit-reminders-baseline/tests/fit-reminders-delivery.test.mjs:71:44)
      at async Test.run (node:internal/test_runner/test:1389:7)
      at async Test.processPendingSubtests (node:internal/test_runner/test:960:7) {
    generatedMessage: true,
    code: 'ERR_ASSERTION',
    actual: 0,
    expected: 1,
    operator: 'strictEqual',
    diff: 'simple'
  }

test at ../../../../tmp/fit-reminders-baseline/tests/fit-reminders-delivery.test.mjs:74:3
✖ morning: concurrent scheduler runs claim each channel once (10.017474ms)
  AssertionError [ERR_ASSERTION]: Expected values to be strictly equal:
  
  2 !== 1
  
      at TestContext.<anonymous> (file:///tmp/fit-reminders-baseline/tests/fit-reminders-delivery.test.mjs:80:12)
      at async Test.run (node:internal/test_runner/test:1389:7)
      at async Test.processPendingSubtests (node:internal/test_runner/test:960:7) {
    generatedMessage: true,
    code: 'ERR_ASSERTION',
    actual: 2,
    expected: 1,
    operator: 'strictEqual',
    diff: 'simple'
  }

test at ../../../../tmp/fit-reminders-baseline/tests/fit-reminders-delivery.test.mjs:82:3
✖ morning: an accepted send with a failed receipt stays claimed (2.56564ms)
  AssertionError [ERR_ASSERTION]: Expected values to be strictly equal:
  
  0 !== 2
  
      at TestContext.<anonymous> (file:///tmp/fit-reminders-baseline/tests/fit-reminders-delivery.test.mjs:84:12)
      at async Test.run (node:internal/test_runner/test:1389:7)
      at async Test.processPendingSubtests (node:internal/test_runner/test:960:7) {
    generatedMessage: true,
    code: 'ERR_ASSERTION',
    actual: 0,
    expected: 2,
    operator: 'strictEqual',
    diff: 'simple'
  }

test at ../../../../tmp/fit-reminders-baseline/tests/fit-reminders-delivery.test.mjs:87:3
✖ morning: existing per-channel suppression prevents sending (2.207662ms)
  AssertionError [ERR_ASSERTION]: Expected values to be strictly equal:
  
  1 !== 0
  
      at TestContext.<anonymous> (file:///tmp/fit-reminders-baseline/tests/fit-reminders-delivery.test.mjs:89:58)
      at async Test.run (node:internal/test_runner/test:1389:7)
      at async Test.processPendingSubtests (node:internal/test_runner/test:960:7) {
    generatedMessage: true,
    code: 'ERR_ASSERTION',
    actual: 1,
    expected: 0,
    operator: 'strictEqual',
    diff: 'simple'
  }

test at ../../../../tmp/fit-reminders-baseline/tests/fit-reminders-delivery.test.mjs:51:3
✖ evening: email failure does not block push; retry sends email only (2.860199ms)
  AssertionError [ERR_ASSERTION]: push must be independent of email failure
  
  0 !== 1
  
      at TestContext.<anonymous> (file:///tmp/fit-reminders-baseline/tests/fit-reminders-delivery.test.mjs:53:12)
      at async Test.run (node:internal/test_runner/test:1389:7)
      at async Test.processPendingSubtests (node:internal/test_runner/test:960:7) {
    generatedMessage: false,
    code: 'ERR_ASSERTION',
    actual: 0,
    expected: 1,
    operator: 'strictEqual',
    diff: 'simple'
  }

test at ../../../../tmp/fit-reminders-baseline/tests/fit-reminders-delivery.test.mjs:57:3
✖ evening: push failure retries independently of successful email (2.668493ms)
  AssertionError [ERR_ASSERTION]: Expected values to be strictly equal:
  
  1 !== 2
  
      at TestContext.<anonymous> (file:///tmp/fit-reminders-baseline/tests/fit-reminders-delivery.test.mjs:59:44)
      at async Test.run (node:internal/test_runner/test:1389:7)
      at async Test.processPendingSubtests (node:internal/test_runner/test:960:7) {
    generatedMessage: true,
    code: 'ERR_ASSERTION',
    actual: 1,
    expected: 2,
    operator: 'strictEqual',
    diff: 'simple'
  }

test at ../../../../tmp/fit-reminders-baseline/tests/fit-reminders-delivery.test.mjs:61:3
✖ evening: pre-existing email receipts still allow an undelivered push (1.620623ms)
  AssertionError [ERR_ASSERTION]: Expected values to be strictly equal:
  
  0 !== 1
  
      at TestContext.<anonymous> (file:///tmp/fit-reminders-baseline/tests/fit-reminders-delivery.test.mjs:63:58)
      at async Test.run (node:internal/test_runner/test:1389:7)
      at async Test.processPendingSubtests (node:internal/test_runner/test:960:7) {
    generatedMessage: true,
    code: 'ERR_ASSERTION',
    actual: 0,
    expected: 1,
    operator: 'strictEqual',
    diff: 'simple'
  }

test at ../../../../tmp/fit-reminders-baseline/tests/fit-reminders-delivery.test.mjs:65:3
✖ evening: push-only delivery is deduplicated (2.069892ms)
  AssertionError [ERR_ASSERTION]: Expected values to be strictly equal:
  
  2 !== 1
  
      at TestContext.<anonymous> (file:///tmp/fit-reminders-baseline/tests/fit-reminders-delivery.test.mjs:67:12)
      at async Test.run (node:internal/test_runner/test:1389:7)
      at async Test.processPendingSubtests (node:internal/test_runner/test:960:7) {
    generatedMessage: true,
    code: 'ERR_ASSERTION',
    actual: 2,
    expected: 1,
    operator: 'strictEqual',
    diff: 'simple'
  }

test at ../../../../tmp/fit-reminders-baseline/tests/fit-reminders-delivery.test.mjs:69:3
✖ evening: analytics failure cannot block or repeat either delivery (2.655624ms)
  AssertionError [ERR_ASSERTION]: Expected values to be strictly equal:
  
  0 !== 1
  
      at TestContext.<anonymous> (file:///tmp/fit-reminders-baseline/tests/fit-reminders-delivery.test.mjs:71:44)
      at async Test.run (node:internal/test_runner/test:1389:7)
      at async Test.processPendingSubtests (node:internal/test_runner/test:960:7) {
    generatedMessage: true,
    code: 'ERR_ASSERTION',
    actual: 0,
    expected: 1,
    operator: 'strictEqual',
    diff: 'simple'
  }

test at ../../../../tmp/fit-reminders-baseline/tests/fit-reminders-delivery.test.mjs:74:3
✖ evening: concurrent scheduler runs claim each channel once (6.66962ms)
  AssertionError [ERR_ASSERTION]: Expected values to be strictly equal:
  
  2 !== 1
  
      at TestContext.<anonymous> (file:///tmp/fit-reminders-baseline/tests/fit-reminders-delivery.test.mjs:80:12)
      at async Test.run (node:internal/test_runner/test:1389:7)
      at async Test.processPendingSubtests (node:internal/test_runner/test:960:7) {
    generatedMessage: true,
    code: 'ERR_ASSERTION',
    actual: 2,
    expected: 1,
    operator: 'strictEqual',
    diff: 'simple'
  }

test at ../../../../tmp/fit-reminders-baseline/tests/fit-reminders-delivery.test.mjs:82:3
✖ evening: an accepted send with a failed receipt stays claimed (2.76108ms)
  AssertionError [ERR_ASSERTION]: Expected values to be strictly equal:
  
  0 !== 2
  
      at TestContext.<anonymous> (file:///tmp/fit-reminders-baseline/tests/fit-reminders-delivery.test.mjs:84:12)
      at async Test.run (node:internal/test_runner/test:1389:7)
      at async Test.processPendingSubtests (node:internal/test_runner/test:960:7) {
    generatedMessage: true,
    code: 'ERR_ASSERTION',
    actual: 0,
    expected: 2,
    operator: 'strictEqual',
    diff: 'simple'
  }

test at ../../../../tmp/fit-reminders-baseline/tests/fit-reminders-delivery.test.mjs:87:3
✖ evening: existing per-channel suppression prevents sending (1.8675ms)
  AssertionError [ERR_ASSERTION]: Expected values to be strictly equal:
  
  1 !== 0
  
      at TestContext.<anonymous> (file:///tmp/fit-reminders-baseline/tests/fit-reminders-delivery.test.mjs:89:58)
      at async Test.run (node:internal/test_runner/test:1389:7)
      at async Test.processPendingSubtests (node:internal/test_runner/test:960:7) {
    generatedMessage: true,
    code: 'ERR_ASSERTION',
    actual: 1,
    expected: 0,
    operator: 'strictEqual',
    diff: 'simple'
  }

test at ../../../../tmp/fit-reminders-baseline/tests/fit-reminders-delivery.test.mjs:51:3
✖ weekly: email failure does not block push; retry sends email only (1.935642ms)
  AssertionError [ERR_ASSERTION]: push must be independent of email failure
  
  0 !== 1
  
      at TestContext.<anonymous> (file:///tmp/fit-reminders-baseline/tests/fit-reminders-delivery.test.mjs:53:12)
      at async Test.run (node:internal/test_runner/test:1389:7)
      at async Test.processPendingSubtests (node:internal/test_runner/test:960:7) {
    generatedMessage: false,
    code: 'ERR_ASSERTION',
    actual: 0,
    expected: 1,
    operator: 'strictEqual',
    diff: 'simple'
  }

test at ../../../../tmp/fit-reminders-baseline/tests/fit-reminders-delivery.test.mjs:57:3
✖ weekly: push failure retries independently of successful email (1.876494ms)
  AssertionError [ERR_ASSERTION]: Expected values to be strictly equal:
  
  1 !== 2
  
      at TestContext.<anonymous> (file:///tmp/fit-reminders-baseline/tests/fit-reminders-delivery.test.mjs:59:44)
      at async Test.run (node:internal/test_runner/test:1389:7)
      at async Test.processPendingSubtests (node:internal/test_runner/test:960:7) {
    generatedMessage: true,
    code: 'ERR_ASSERTION',
    actual: 1,
    expected: 2,
    operator: 'strictEqual',
    diff: 'simple'
  }

test at ../../../../tmp/fit-reminders-baseline/tests/fit-reminders-delivery.test.mjs:61:3
✖ weekly: pre-existing email receipts still allow an undelivered push (1.496158ms)
  AssertionError [ERR_ASSERTION]: Expected values to be strictly equal:
  
  0 !== 1
  
      at TestContext.<anonymous> (file:///tmp/fit-reminders-baseline/tests/fit-reminders-delivery.test.mjs:63:58)
      at async Test.run (node:internal/test_runner/test:1389:7)
      at async Test.processPendingSubtests (node:internal/test_runner/test:960:7) {
    generatedMessage: true,
    code: 'ERR_ASSERTION',
    actual: 0,
    expected: 1,
    operator: 'strictEqual',
    diff: 'simple'
  }

test at ../../../../tmp/fit-reminders-baseline/tests/fit-reminders-delivery.test.mjs:65:3
✖ weekly: push-only delivery is deduplicated (2.321827ms)
  AssertionError [ERR_ASSERTION]: Expected values to be strictly equal:
  
  2 !== 1
  
      at TestContext.<anonymous> (file:///tmp/fit-reminders-baseline/tests/fit-reminders-delivery.test.mjs:67:12)
      at async Test.run (node:internal/test_runner/test:1389:7)
      at async Test.processPendingSubtests (node:internal/test_runner/test:960:7) {
    generatedMessage: true,
    code: 'ERR_ASSERTION',
    actual: 2,
    expected: 1,
    operator: 'strictEqual',
    diff: 'simple'
  }

test at ../../../../tmp/fit-reminders-baseline/tests/fit-reminders-delivery.test.mjs:69:3
✖ weekly: analytics failure cannot block or repeat either delivery (2.271332ms)
  AssertionError [ERR_ASSERTION]: Expected values to be strictly equal:
  
  0 !== 1
  
      at TestContext.<anonymous> (file:///tmp/fit-reminders-baseline/tests/fit-reminders-delivery.test.mjs:71:44)
      at async Test.run (node:internal/test_runner/test:1389:7)
      at async Test.processPendingSubtests (node:internal/test_runner/test:960:7) {
    generatedMessage: true,
    code: 'ERR_ASSERTION',
    actual: 0,
    expected: 1,
    operator: 'strictEqual',
    diff: 'simple'
  }

test at ../../../../tmp/fit-reminders-baseline/tests/fit-reminders-delivery.test.mjs:74:3
✖ weekly: concurrent scheduler runs claim each channel once (4.978792ms)
  AssertionError [ERR_ASSERTION]: Expected values to be strictly equal:
  
  2 !== 1
  
      at TestContext.<anonymous> (file:///tmp/fit-reminders-baseline/tests/fit-reminders-delivery.test.mjs:80:12)
      at async Test.run (node:internal/test_runner/test:1389:7)
      at async Test.processPendingSubtests (node:internal/test_runner/test:960:7) {
    generatedMessage: true,
    code: 'ERR_ASSERTION',
    actual: 2,
    expected: 1,
    operator: 'strictEqual',
    diff: 'simple'
  }

test at ../../../../tmp/fit-reminders-baseline/tests/fit-reminders-delivery.test.mjs:82:3
✖ weekly: an accepted send with a failed receipt stays claimed (2.566952ms)
  AssertionError [ERR_ASSERTION]: Expected values to be strictly equal:
  
  0 !== 2
  
      at TestContext.<anonymous> (file:///tmp/fit-reminders-baseline/tests/fit-reminders-delivery.test.mjs:84:12)
      at async Test.run (node:internal/test_runner/test:1389:7)
      at async Test.processPendingSubtests (node:internal/test_runner/test:960:7) {
    generatedMessage: true,
    code: 'ERR_ASSERTION',
    actual: 0,
    expected: 2,
    operator: 'strictEqual',
    diff: 'simple'
  }

test at ../../../../tmp/fit-reminders-baseline/tests/fit-reminders-delivery.test.mjs:87:3
✖ weekly: existing per-channel suppression prevents sending (1.635855ms)
  AssertionError [ERR_ASSERTION]: Expected values to be strictly equal:
  
  1 !== 0
  
      at TestContext.<anonymous> (file:///tmp/fit-reminders-baseline/tests/fit-reminders-delivery.test.mjs:89:58)
      at async Test.run (node:internal/test_runner/test:1389:7)
      at async Test.processPendingSubtests (node:internal/test_runner/test:960:7) {
    generatedMessage: true,
    code: 'ERR_ASSERTION',
    actual: 1,
    expected: 0,
    operator: 'strictEqual',
    diff: 'simple'
  }

test at ../../../../tmp/fit-reminders-baseline/tests/fit-reminders-delivery.test.mjs:105:1
✖ no active push subscription releases the claim for a later opted-in device (2.502495ms)
  AssertionError [ERR_ASSERTION]: Expected values to be strictly equal:
  
  0 !== 1
  
      at TestContext.<anonymous> (file:///tmp/fit-reminders-baseline/tests/fit-reminders-delivery.test.mjs:108:56)
      at async Test.run (node:internal/test_runner/test:1389:7)
      at async Test.processPendingSubtests (node:internal/test_runner/test:960:7) {
    generatedMessage: true,
    code: 'ERR_ASSERTION',
    actual: 0,
    expected: 1,
    operator: 'strictEqual',
    diff: 'simple'
  }
